// Jest Snapshot v1, https://goo.gl/fbAQLP

exports[`Carrossel - match snapshot 1`] = `
<DocumentFragment>
  .c0 {
  color: #fff;
  padding: 100px 0;
  height: auto;
}

.c1 {
  display: -webkit-box;
  display: -webkit-flex;
  display: -ms-flexbox;
  display: flex;
  -webkit-flex-direction: row;
  -ms-flex-direction: row;
  flex-direction: row;
  -webkit-box-pack: justify;
  -webkit-justify-content: space-between;
  -ms-flex-pack: justify;
  justify-content: space-between;
}

<div
    class="c0"
  >
    <div
      class="c1"
    />
  </div>
</DocumentFragment>
`;
